// Jest Snapshot v1, https://goo.gl/fbAQLP

exports[`Renders 1`] = `
<DocumentFragment>
  <div
    class="WeekBox "
    data-testid="M-0"
  >
    M
  </div>
</DocumentFragment>
`;
